cos(0.0) == 1.000000
sin(0.0) == 0.000000
sqrt(2.0) == 1.414214
