Braces can be escaped by doubling them up: {}. Here's a number: 1
