dot_product(v, w) == 0.000000
dot_product(w, w) == 4.000000
